<html>
<body>
<pre>
<h1>礦ision Build Log</h1>
<h2>Project:</h2>
E:\任务\神舟IV号-点灯\01.LED点灯实验(STM32神舟IV号201205)\MDK\project.uvproj
Project File Date:  03/25/2013

<h2>Output:</h2>
Rebuild target 'Target 1'
assembling STM32F10x.s...
compiling main.c...
linking...
Program Size: Code=384 RO-data=252 RW-data=0 ZI-data=608  
FromELF: creating hex file...
"..\obj\project.axf" - 0 Error(s), 0 Warning(s).
Rebuild target 'Target 1'
assembling STM32F10x.s...
compiling main.c...
linking...
Program Size: Code=384 RO-data=252 RW-data=0 ZI-data=608  
FromELF: creating hex file...
"..\obj\project.axf" - 0 Error(s), 0 Warning(s).
Load "..\\obj\\project.AXF" 
Set JLink Project File to "E:\任务\神舟IV号-点灯\01.LED点灯实验(STM32神舟IV号201205)\MDK\JLinkSettings.ini"
* JLink Info: Device "STM32F107VC" selected (256 KB flash, 20 KB RAM).
 
JLink info:
------------
DLL: V4.54a, compiled Sep 17 2012 15:58:45
Firmware: J-Link ARM V8 compiled Nov 14 2012 22:34:52
Hardware: V8.00
S/N : 99999999 
Feature(s) : RDI,FlashDL,FlashBP,JFlash,GDBFULL 
 
* JLink Info: TotalIRLen = 9, IRPrint = 0x0011
* JLink Info: TotalIRLen = 9, IRPrint = 0x0011
* JLink Info: Found Cortex-M3 r1p1, Little endian.
* JLink Info: TPIU fitted.
* JLink Info: ETM fitted.
* JLink Info: FPUnit: 6 code (BP) slots and 2 literal slots
ROMTableAddr = 0xE00FF003
* JLink Info: Found Cortex-M3 r1p1, Little endian.
* JLink Info: TPIU fitted.
* JLink Info: ETM fitted.
* JLink Info: FPUnit: 6 code (BP) slots and 2 literal slots
 
Target info:
------------
Device: STM32F107VC
VTarget = 3.332V
State of Pins: 
TCK: 1, TDI: 0, TDO: 1, TMS: 0, TRES: 1, TRST: 1
Hardware-Breakpoints: 6
Software-Breakpoints: 8192
Watchpoints:          4
JTAG speed: 2000 kHz
 
Erase Done.
Programming Done.
Verify OK.
